// Jest Snapshot v1, https://goo.gl/fbAQLP

exports[`App renders correctly 1`] = `
<DocumentFragment>
  <div
    class="App"
  >
    <img
      alt="NASA logo"
      class="nasa_image"
      src="https://cdn.cnn.com/cnnnext/dam/assets/200424060716-nasa-worm-logo.jpg"
    />
    <form
      class="search__form"
    >
      <input
        class="search__input"
        data-testid="search__input"
        type="text"
      />
      <button
        class="search__button"
        data-testid="search__button"
        type="submit"
      >
        Search
      </button>
    </form>
    <p>
      No results
    </p>
  </div>
</DocumentFragment>
`;
